SWETHAA@SP_SWETHAA MINGW64 /c/ust-7
$ git config --global user.name "swethaa"

SWETHAA@SP_SWETHAA MINGW64 /c/ust-7
$ git config --global user.email "swethaasp23@gmail.com"

SWETHAA@SP_SWETHAA MINGW64 /c/ust-7
$ git init
Initialized empty Git repository in C:/ust-7/.git/

SWETHAA@SP_SWETHAA MINGW64 /c/ust-7 (master)
$ git status
On branch master

No commits yet

nothing to commit (create/copy files and use "git add" to track)

SWETHAA@SP_SWETHAA MINGW64 /c/ust-7 (master)
$ git status
On branch master

No commits yet

Untracked files:
  (use "git add <file>..." to include in what will be committed)
        login.txt.txt

nothing added to commit but untracked files present (use "git add" to track)

SWETHAA@SP_SWETHAA MINGW64 /c/ust-7 (master)
$ git add login.txt
fatal: pathspec 'login.txt' did not match any files

SWETHAA@SP_SWETHAA MINGW64 /c/ust-7 (master)
$ git add login.txt

SWETHAA@SP_SWETHAA MINGW64 /c/ust-7 (master)
$ git status
On branch master

No commits yet

Changes to be committed:
  (use "git rm --cached <file>..." to unstage)
        new file:   login.txt

Untracked files:
  (use "git add <file>..." to include in what will be committed)
        login.txt.txt


SWETHAA@SP_SWETHAA MINGW64 /c/ust-7 (master)
$ git commit -m "commiting login.txt"
[master (root-commit) 407ff53] commiting login.txt
 1 file changed, 1 insertion(+)
 create mode 100644 login.txt

SWETHAA@SP_SWETHAA MINGW64 /c/ust-7 (master)
$ git status
On branch master
Untracked files:
  (use "git add <file>..." to include in what will be committed)
        login.txt.txt

nothing added to commit but untracked files present (use "git add" to track)

SWETHAA@SP_SWETHAA MINGW64 /c/ust-7 (master)
$ git status
On branch master
Changes not staged for commit:
  (use "git add <file>..." to update what will be committed)
  (use "git restore <file>..." to discard changes in working directory)
        modified:   login.txt

Untracked files:
  (use "git add <file>..." to include in what will be committed)
        dashboard.txt

no changes added to commit (use "git add" and/or "git commit -a")

SWETHAA@SP_SWETHAA MINGW64 /c/ust-7 (master)
$ git restore login.txt

SWETHAA@SP_SWETHAA MINGW64 /c/ust-7 (master)
$ git status
On branch master
Untracked files:
  (use "git add <file>..." to include in what will be committed)
        dashboard.txt

nothing added to commit but untracked files present (use "git add" to track)

SWETHAA@SP_SWETHAA MINGW64 /c/ust-7 (master)
$ git status
On branch master
Changes not staged for commit:
  (use "git add <file>..." to update what will be committed)
  (use "git restore <file>..." to discard changes in working directory)
        modified:   login.txt

Untracked files:
  (use "git add <file>..." to include in what will be committed)
        dashboard.txt

no changes added to commit (use "git add" and/or "git commit -a")

SWETHAA@SP_SWETHAA MINGW64 /c/ust-7 (master)
$ git add -a
error: unknown switch `a'
usage: git add [<options>] [--] <pathspec>...

    -n, --dry-run         dry run
    -v, --verbose         be verbose

    -i, --interactive     interactive picking
    -p, --patch           select hunks interactively
    -e, --edit            edit current diff and apply
    -f, --force           allow adding otherwise ignored files
    -u, --update          update tracked files
    --renormalize         renormalize EOL of tracked files (implies -u)
    -N, --intent-to-add   record only the fact that the path will be added later
    -A, --all             add changes from all tracked and untracked files
    --ignore-removal      ignore paths removed in the working tree (same as --no-all)
    --refresh             don't add, only refresh the index
    --ignore-errors       just skip files which cannot be added because of errors
    --ignore-missing      check if - even missing - files are ignored in dry run
    --sparse              allow updating entries outside of the sparse-checkout cone
    --chmod (+|-)x        override the executable bit of the listed files
    --pathspec-from-file <file>
                          read pathspec from file
    --pathspec-file-nul   with --pathspec-from-file, pathspec elements are separated with NUL character


SWETHAA@SP_SWETHAA MINGW64 /c/ust-7 (master)
$ git add -A

SWETHAA@SP_SWETHAA MINGW64 /c/ust-7 (master)
$ git status
On branch master
Changes to be committed:
  (use "git restore --staged <file>..." to unstage)
        new file:   dashboard.txt
        modified:   login.txt


SWETHAA@SP_SWETHAA MINGW64 /c/ust-7 (master)
$ git restore --staged login.txt

SWETHAA@SP_SWETHAA MINGW64 /c/ust-7 (master)
$ git status
On branch master
Changes to be committed:
  (use "git restore --staged <file>..." to unstage)
        new file:   dashboard.txt

Changes not staged for commit:
  (use "git add <file>..." to update what will be committed)
  (use "git restore <file>..." to discard changes in working directory)
        modified:   login.txt


SWETHAA@SP_SWETHAA MINGW64 /c/ust-7 (master)
$ git add login.txt

SWETHAA@SP_SWETHAA MINGW64 /c/ust-7 (master)
$ git commit -m "Commiting two files "
[master 7375827] Commiting two files
 2 files changed, 2 insertions(+), 1 deletion(-)
 create mode 100644 dashboard.txt

SWETHAA@SP_SWETHAA MINGW64 /c/ust-7 (master)
$ git status
On branch master
nothing to commit, working tree clean

SWETHAA@SP_SWETHAA MINGW64 /c/ust-7 (master)
$ git config --global user.name "swethaasp"

SWETHAA@SP_SWETHAA MINGW64 /c/ust-7 (master)
$ git config --global user.email "swethaasp@gmail.com"

SWETHAA@SP_SWETHAA MINGW64 /c/ust-7 (master)
$ git remote add origin "https://github.com/swethaasp/ust-7"

SWETHAA@SP_SWETHAA MINGW64 /c/ust-7 (master)
$ git push origin master
Enumerating objects: 10, done.
Counting objects: 100% (10/10), done.
Delta compression using up to 12 threads
Compressing objects: 100% (5/5), done.
Writing objects: 100% (10/10), 746 bytes | 373.00 KiB/s, done.
Total 10 (delta 0), reused 0 (delta 0), pack-reused 0
To https://github.com/swethaasp/ust-7
 * [new branch]      master -> master

SWETHAA@SP_SWETHAA MINGW64 /c/ust-7 (master)
$ git pull origin master
remote: Enumerating objects: 4, done.
remote: Counting objects: 100% (4/4), done.
remote: Compressing objects: 100% (2/2), done.
remote: Total 3 (delta 0), reused 0 (delta 0), pack-reused 0
Unpacking objects: 100% (3/3), 956 bytes | 73.00 KiB/s, done.
From https://github.com/swethaasp/ust-7
 * branch            master     -> FETCH_HEAD
   5737e71..9a66448  master     -> origin/master
Updating 5737e71..9a66448
Fast-forward
 cart.txt | 1 +
 1 file changed, 1 insertion(+)
 create mode 100644 cart.txt

SWETHAA@SP_SWETHAA MINGW64 /c/ust-7 (master)
$ git rm login.txt
rm 'login.txt'

SWETHAA@SP_SWETHAA MINGW64 /c/ust-7 (master)
$ git status
On branch master
Changes to be committed:
  (use "git restore --staged <file>..." to unstage)
        deleted:    login.txt


SWETHAA@SP_SWETHAA MINGW64 /c/ust-7 (master)
$ git commit -m "deleting file login.txt"
[master 6eb1ef0] deleting file login.txt
 1 file changed, 2 deletions(-)
 delete mode 100644 login.txt

SWETHAA@SP_SWETHAA MINGW64 /c/ust-7 (master)
$ git status
On branch master
nothing to commit, working tree clean

SWETHAA@SP_SWETHAA MINGW64 /c/ust-7 (master)
$ git push origin master
Enumerating objects: 3, done.
Counting objects: 100% (3/3), done.
Delta compression using up to 12 threads
Compressing objects: 100% (2/2), done.
Writing objects: 100% (2/2), 221 bytes | 221.00 KiB/s, done.
Total 2 (delta 1), reused 0 (delta 0), pack-reused 0
remote: Resolving deltas: 100% (1/1), completed with 1 local object.
To https://github.com/swethaasp/ust-7
   9a66448..6eb1ef0  master -> master

SWETHAA@SP_SWETHAA MINGW64 /c/ust-7 (master)
$ git pull origin master
remote: Enumerating objects: 3, done.
remote: Counting objects: 100% (3/3), done.
remote: Compressing objects: 100% (1/1), done.
remote: Total 2 (delta 0), reused 0 (delta 0), pack-reused 0
Unpacking objects: 100% (2/2), 883 bytes | 98.00 KiB/s, done.
From https://github.com/swethaasp/ust-7
 * branch            master     -> FETCH_HEAD
   6eb1ef0..9d1f99d  master     -> origin/master
Updating 6eb1ef0..9d1f99d
Fast-forward
 cart.txt | 1 -
 1 file changed, 1 deletion(-)
 delete mode 100644 cart.txt

SWETHAA@SP_SWETHAA MINGW64 /c/ust-7 (master)
$
